> db.alunas.find({"livros.titulo": "Clean Code"}).pretty()
{
        "_id" : ObjectId("5dc0afc2ecb2a56907a15168"),
        "nome" : "Maria Eduarda",
        "dateOfBirth" : "11/08/1992",
        "nasceuEmSp" : "true",
        "id" : 4,
        "livros" : [
                {
                        "titulo" : "You dont know JS",
                        "leu" : "false"
                },
                {
                        "titulo" : "Eloquente Java",
                        "leu" : "false"
                },
                {
                        "titulo" : "Clean Code",
                        "leu" : "true"
                },
                {
                        "titulo" : "Cangaceiro Java",
                        "leu" : "true"
                }
        ]
}
{
        "_id" : ObjectId("5dc0afc2ecb2a56907a15169"),
        "nome" : "Natalya",
        "dateOfBirth" : "12/08/1989",
        "nasceuEmSp" : "false",
        "id" : 1,
        "livros" : [
                {
                        "titulo" : "You dont know JS",
                        "leu" : "true"
                },
                {
                        "titulo" : "Eloquente Java",
                        "leu" : "true"
                },
                {
                        "titulo" : "Clean Code",
                        "leu" : "true"
                },
                {
                        "titulo" : "Cangaceiro Java",
                        "leu" : "false"
                }
        ]
}
{
        "_id" : ObjectId("5dc0afc2ecb2a56907a1516a"),
        "nome" : "Maria ",
        "dateOfBirth" : "11/08/1992",
        "nasceuEmSp" : "false",
        "id" : 3,
        "livros" : [
                {
                        "titulo" : "You dont know JS",
                        "leu" : "true"
                },
                {
                        "titulo" : "Eloquente Java",
                        "leu" : "false"
                },
                {
                        "titulo" : "Clean Code",
                        "leu" : "true"
                },
                {
                        "titulo" : "Cangaceiro Java",
                        "leu" : "false"
                }
        ]
}
{
        "_id" : ObjectId("5dc0afc2ecb2a56907a1516b"),
        "nome" : "Natalia",
        "dateOfBirth" : "11/08/1988",
        "nasceuEmSp" : "true",
        "id" : 2,
        "livros" : [
                {
                        "titulo" : "You dont know JS",
                        "leu" : "false"
                },
                {
                        "titulo" : "Eloquente Java",
                        "leu" : "false"
                },
                {
                        "titulo" : "Clean Code",
                        "leu" : "true"
                },
                {
                        "titulo" : "Cangaceiro Java",
                        "leu" : "false"
                },
                {
                        "titulo" : "pequeno principe",
                        "leu" : "true"
                },
                {
                        "titulo" : "pequeno principe",
                        "leu" : "true"
                },
                {
                        "titulo" : "pequeno principe",
                        "leu" : "true"
                }
        ]
}
{
        "_id" : ObjectId("5dc0afc2ecb2a56907a1516c"),
        "nome" : "Bianca",
        "dateOfBirth" : "11/08/1994",
        "nasceuEmSp" : "true",
        "id" : 5,
        "livros" : [
                {
                        "titulo" : "You dont know JS",
                        "leu" : "true"
                },
                {
                        "titulo" : "Eloquente Java",
                        "leu" : "true"
                },
                {
                        "titulo" : "Clean Code",
                        "leu" : "false"
                },
                {
                        "titulo" : "Cangaceiro Java",
                        "leu" : "false"
                }
        ]
}
{
        "_id" : ObjectId("5dc0afc2ecb2a56907a1516d"),
        "nome" : "Marcia",
        "dateOfBirth" : "11/08/1991",
        "nasceuEmSp" : "true",
        "id" : 7,
        "livros" : [
                {
                        "titulo" : "You dont know JS",
                        "leu" : "true"
                },
                {
                        "titulo" : "Eloquente Java",
                        "leu" : "false"
                },
                {
                        "titulo" : "Clean Code",
                        "leu" : "false"
                },
                {
                        "titulo" : "Cangaceiro Java",
                        "leu" : "false"
                }
        ]
}
{
        "_id" : ObjectId("5dc0afc2ecb2a56907a1516e"),
        "nome" : "Barbara",
        "dateOfBirth" : "11/08/1996",
        "nasceuEmSp" : "false",
        "id" : 6,
        "livros" : [
                {
                        "titulo" : "You dont know JS",
                        "leu" : "true"
                },
                {
                        "titulo" : "Eloquente Java",
                        "leu" : "false"
                },
                {
                        "titulo" : "Clean Code",
                        "leu" : "false"
                },
                {
                        "titulo" : "Cangaceiro Java",
                        "leu" : "true"
                }
        ]
}
{
        "_id" : ObjectId("5dc0afc2ecb2a56907a1516f"),
        "nome" : "Livia",
        "dateOfBirth" : "14/09/1991",
        "nasceuEmSp" : "true",
        "id" : 8,
        "livros" : [
                {
                        "titulo" : "You dont know JS",
                        "leu" : "false"
                },
                {
                        "titulo" : "Eloquente Java",
                        "leu" : "true"
                },
                {
                        "titulo" : "Clean Code",
                        "leu" : "false"
                },
                {
                        "titulo" : "Cangaceiro Java",
                        "leu" : "false"
                }
        ]
}
{
        "_id" : ObjectId("5dc0afc2ecb2a56907a15170"),
        "nome" : "Luanda",
        "dateOfBirth" : "14/09/1992",
        "nasceuEmSp" : "false",
        "id" : 12,
        "livros" : [
                {
                        "titulo" : "You dont know JS",
                        "leu" : "false"
                },
                {
                        "titulo" : "Eloquente Java",
                        "leu" : "true"
                },
                {
                        "titulo" : "Clean Code",
                        "leu" : "false"
                },
                {
                        "titulo" : "Cangaceiro Java",
                        "leu" : "false"
                }
        ]
}
{
        "_id" : ObjectId("5dc0afc2ecb2a56907a15171"),
        "nome" : "Larissa",
        "dateOfBirth" : "14/09/1994",
        "nasceuEmSp" : "true",
        "id" : 13,
        "livros" : [
                {
                        "titulo" : "You dont know JS",
                        "leu" : "true"
                },
                {
                        "titulo" : "Eloquente Java",
                        "leu" : "false"
                },
                {
                        "titulo" : "Clean Code",
                        "leu" : "false"
                },
                {
                        "titulo" : "Cangaceiro Java",
                        "leu" : "false"
                }
        ]
}
{
        "_id" : ObjectId("5dc0afc2ecb2a56907a15172"),
        "nome" : "Izadora",
        "dateOfBirth" : "14/09/1992",
        "nasceuEmSp" : "true",
        "id" : 11,
        "livros" : [
                {
                        "titulo" : "You dont know JS",
                        "leu" : "false"
                },
                {
                        "titulo" : "Eloquente Java",
                        "leu" : "false"
                },
                {
                        "titulo" : "Clean Code",
                        "leu" : "true"
                },
                {
                        "titulo" : "Cangaceiro Java",
                        "leu" : "false"
                }
        ]
}
{
        "_id" : ObjectId("5dc0afc2ecb2a56907a15173"),
        "nome" : "Maria do Bairro",
        "dateOfBirth" : "14/09/1990",
        "nasceuEmSp" : "true",
        "id" : 14,
        "livros" : [
                {
                        "titulo" : "You dont know JS",
                        "leu" : "false"
                },
                {
                        "titulo" : "Eloquente Java",
                        "leu" : "false"
                },
                {
                        "titulo" : "Clean Code",
                        "leu" : "false"
                },
                {
                        "titulo" : "Cangaceiro Java",
                        "leu" : "false"
                }
        ]
}
{
        "_id" : ObjectId("5dc0afc2ecb2a56907a15174"),
        "nome" : "Arya Stark ",
        "dateOfBirth" : "14/09/2000",
        "nasceuEmSp" : "false",
        "id" : 15,
        "livros" : [
                {
                        "titulo" : "You dont know JS",
                        "leu" : "true"
                },
                {
                        "titulo" : "Eloquente Java",
                        "leu" : "false"
                },
                {
                        "titulo" : "Clean Code",
                        "leu" : "true"
                },
                {
                        "titulo" : "Cangaceiro Java",
                        "leu" : "false"
                }
        ]
}
{
        "_id" : ObjectId("5dc0afc2ecb2a56907a15175"),
        "nome" : "Frida",
        "dateOfBirth" : "14/09/1950",
        "nasceuEmSp" : "false",
        "id" : 16,
        "livros" : [
                {
                        "titulo" : "You dont know JS",
                        "leu" : "true"
                },
                {
                        "titulo" : "Eloquente Java",
                        "leu" : "true"
                },
                {
                        "titulo" : "Clean Code",
                        "leu" : "true"
                },
                {
                        "titulo" : "Cangaceiro Java",
                        "leu" : "false"
                }
        ]
}
{
        "_id" : ObjectId("5dc0afc2ecb2a56907a15176"),
        "nome" : "Fatima",
        "dateOfBirth" : "14/09/1960",
        "nasceuEmSp" : "true",
        "id" : 17,
        "livros" : [
                {
                        "titulo" : "You dont know JS",
                        "leu" : "false"
                },
                {
                        "titulo" : "Eloquente Java",
                        "leu" : "true"
                },
                {
                        "titulo" : "Clean Code",
                        "leu" : "false"
                },
                {
                        "titulo" : "Cangaceiro Java",
                        "leu" : "true"
                }
        ]
}
{
        "_id" : ObjectId("5dc0afc2ecb2a56907a15177"),
        "nome" : "Denise",
        "dateOfBirth" : "14/09/1986",
        "nasceuEmSp" : "false",
        "id" : 9,
        "livros" : [
                {
                        "titulo" : "You dont know JS",
                        "leu" : "false"
                },
                {
                        "titulo" : "Eloquente Java",
                        "leu" : "true"
                },
                {
                        "titulo" : "Clean Code",
                        "leu" : "true"
                },
                {
                        "titulo" : "Cangaceiro Java",
                        "leu" : "false"
                }
        ]
}
{
        "_id" : ObjectId("5dc0afc2ecb2a56907a15178"),
        "nome" : "Helena",
        "dateOfBirth" : "14/09/1990",
        "nasceuEmSp" : "true",
        "id" : 10,
        "livros" : [
                {
                        "titulo" : "You dont know JS",
                        "leu" : "true"
                },
                {
                        "titulo" : "Eloquente Java",
                        "leu" : "true"
                },
                {
                        "titulo" : "Clean Code",
                        "leu" : "true"
                },
                {
                        "titulo" : "Cangaceiro Java",
                        "leu" : "true"
                }
        ]
}
{
        "_id" : ObjectId("5dc0afc2ecb2a56907a15179"),
        "nome" : "Sonia",
        "dateOfBirth" : "10/08/1954",
        "nasceuEmSp" : "false",
        "id" : 18,
        "livros" : [
                {
                        "titulo" : "You dont know JS",
                        "leu" : "true"
                },
                {
                        "titulo" : "Eloquente Java",
                        "leu" : "true"
                },
                {
                        "titulo" : "Clean Code",
                        "leu" : "true"
                },
                {
                        "titulo" : "Cangaceiro Java",
                        "leu" : "false"
                }
        ]
}
> db.alunas.find({"livros.leu":false}).pretty()
> db.alunas.find({"livros.leu":false}).pretty()
> db.alunas.find({"livros.leu":"false"}).pretty()
{
        "_id" : ObjectId("5dc0afc2ecb2a56907a15168"),
        "nome" : "Maria Eduarda",
        "dateOfBirth" : "11/08/1992",
        "nasceuEmSp" : "true",
        "id" : 4,
        "livros" : [
                {
                        "titulo" : "You dont know JS",
                        "leu" : "false"
                },
                {
                        "titulo" : "Eloquente Java",
                        "leu" : "false"
                },
                {
                        "titulo" : "Clean Code",
                        "leu" : "true"
                },
                {
                        "titulo" : "Cangaceiro Java",
                        "leu" : "true"
                }
        ]
}
{
        "_id" : ObjectId("5dc0afc2ecb2a56907a15169"),
        "nome" : "Natalya",
        "dateOfBirth" : "12/08/1989",
        "nasceuEmSp" : "false",
        "id" : 1,
        "livros" : [
                {
                        "titulo" : "You dont know JS",
                        "leu" : "true"
                },
                {
                        "titulo" : "Eloquente Java",
                        "leu" : "true"
                },
                {
                        "titulo" : "Clean Code",
                        "leu" : "true"
                },
                {
                        "titulo" : "Cangaceiro Java",
                        "leu" : "false"
                }
        ]
}
{
        "_id" : ObjectId("5dc0afc2ecb2a56907a1516a"),
        "nome" : "Maria ",
        "dateOfBirth" : "11/08/1992",
        "nasceuEmSp" : "false",
        "id" : 3,
        "livros" : [
                {
                        "titulo" : "You dont know JS",
                        "leu" : "true"
                },
                {
                        "titulo" : "Eloquente Java",
                        "leu" : "false"
                },
                {
                        "titulo" : "Clean Code",
                        "leu" : "true"
                },
                {
                        "titulo" : "Cangaceiro Java",
                        "leu" : "false"
                }
        ]
}
{
        "_id" : ObjectId("5dc0afc2ecb2a56907a1516b"),
        "nome" : "Natalia",
        "dateOfBirth" : "11/08/1988",
        "nasceuEmSp" : "true",
        "id" : 2,
        "livros" : [
                {
                        "titulo" : "You dont know JS",
                        "leu" : "false"
                },
                {
                        "titulo" : "Eloquente Java",
                        "leu" : "false"
                },
                {
                        "titulo" : "Clean Code",
                        "leu" : "true"
                },
                {
                        "titulo" : "Cangaceiro Java",
                        "leu" : "false"
                },
                {
                        "titulo" : "pequeno principe",
                        "leu" : "true"
                },
                {
                        "titulo" : "pequeno principe",
                        "leu" : "true"
                },
                {
                        "titulo" : "pequeno principe",
                        "leu" : "true"
                }
        ]
}
{
        "_id" : ObjectId("5dc0afc2ecb2a56907a1516c"),
        "nome" : "Bianca",
        "dateOfBirth" : "11/08/1994",
        "nasceuEmSp" : "true",
        "id" : 5,
        "livros" : [
                {
                        "titulo" : "You dont know JS",
                        "leu" : "true"
                },
                {
                        "titulo" : "Eloquente Java",
                        "leu" : "true"
                },
                {
                        "titulo" : "Clean Code",
                        "leu" : "false"
                },
                {
                        "titulo" : "Cangaceiro Java",
                        "leu" : "false"
                }
        ]
}
{
        "_id" : ObjectId("5dc0afc2ecb2a56907a1516d"),
        "nome" : "Marcia",
        "dateOfBirth" : "11/08/1991",
        "nasceuEmSp" : "true",
        "id" : 7,
        "livros" : [
                {
                        "titulo" : "You dont know JS",
                        "leu" : "true"
                },
                {
                        "titulo" : "Eloquente Java",
                        "leu" : "false"
                },
                {
                        "titulo" : "Clean Code",
                        "leu" : "false"
                },
                {
                        "titulo" : "Cangaceiro Java",
                        "leu" : "false"
                }
        ]
}
{
        "_id" : ObjectId("5dc0afc2ecb2a56907a1516e"),
        "nome" : "Barbara",
        "dateOfBirth" : "11/08/1996",
        "nasceuEmSp" : "false",
        "id" : 6,
        "livros" : [
                {
                        "titulo" : "You dont know JS",
                        "leu" : "true"
                },
                {
                        "titulo" : "Eloquente Java",
                        "leu" : "false"
                },
                {
                        "titulo" : "Clean Code",
                        "leu" : "false"
                },
                {
                        "titulo" : "Cangaceiro Java",
                        "leu" : "true"
                }
        ]
}
{
        "_id" : ObjectId("5dc0afc2ecb2a56907a1516f"),
        "nome" : "Livia",
        "dateOfBirth" : "14/09/1991",
        "nasceuEmSp" : "true",
        "id" : 8,
        "livros" : [
                {
                        "titulo" : "You dont know JS",
                        "leu" : "false"
                },
                {
                        "titulo" : "Eloquente Java",
                        "leu" : "true"
                },
                {
                        "titulo" : "Clean Code",
                        "leu" : "false"
                },
                {
                        "titulo" : "Cangaceiro Java",
                        "leu" : "false"
                }
        ]
}
{
        "_id" : ObjectId("5dc0afc2ecb2a56907a15170"),
        "nome" : "Luanda",
        "dateOfBirth" : "14/09/1992",
        "nasceuEmSp" : "false",
        "id" : 12,
        "livros" : [
                {
                        "titulo" : "You dont know JS",
                        "leu" : "false"
                },
                {
                        "titulo" : "Eloquente Java",
                        "leu" : "true"
                },
                {
                        "titulo" : "Clean Code",
                        "leu" : "false"
                },
                {
                        "titulo" : "Cangaceiro Java",
                        "leu" : "false"
                }
        ]
}
{
        "_id" : ObjectId("5dc0afc2ecb2a56907a15171"),
        "nome" : "Larissa",
        "dateOfBirth" : "14/09/1994",
        "nasceuEmSp" : "true",
        "id" : 13,
        "livros" : [
                {
                        "titulo" : "You dont know JS",
                        "leu" : "true"
                },
                {
                        "titulo" : "Eloquente Java",
                        "leu" : "false"
                },
                {
                        "titulo" : "Clean Code",
                        "leu" : "false"
                },
                {
                        "titulo" : "Cangaceiro Java",
                        "leu" : "false"
                }
        ]
}
{
        "_id" : ObjectId("5dc0afc2ecb2a56907a15172"),
        "nome" : "Izadora",
        "dateOfBirth" : "14/09/1992",
        "nasceuEmSp" : "true",
        "id" : 11,
        "livros" : [
                {
                        "titulo" : "You dont know JS",
                        "leu" : "false"
                },
                {
                        "titulo" : "Eloquente Java",
                        "leu" : "false"
                },
                {
                        "titulo" : "Clean Code",
                        "leu" : "true"
                },
                {
                        "titulo" : "Cangaceiro Java",
                        "leu" : "false"
                }
        ]
}
{
        "_id" : ObjectId("5dc0afc2ecb2a56907a15173"),
        "nome" : "Maria do Bairro",
        "dateOfBirth" : "14/09/1990",
        "nasceuEmSp" : "true",
        "id" : 14,
        "livros" : [
                {
                        "titulo" : "You dont know JS",
                        "leu" : "false"
                },
                {
                        "titulo" : "Eloquente Java",
                        "leu" : "false"
                },
                {
                        "titulo" : "Clean Code",
                        "leu" : "false"
                },
                {
                        "titulo" : "Cangaceiro Java",
                        "leu" : "false"
                }
        ]
}
{
        "_id" : ObjectId("5dc0afc2ecb2a56907a15174"),
        "nome" : "Arya Stark ",
        "dateOfBirth" : "14/09/2000",
        "nasceuEmSp" : "false",
        "id" : 15,
        "livros" : [
                {
                        "titulo" : "You dont know JS",
                        "leu" : "true"
                },
                {
                        "titulo" : "Eloquente Java",
                        "leu" : "false"
                },
                {
                        "titulo" : "Clean Code",
                        "leu" : "true"
                },
                {
                        "titulo" : "Cangaceiro Java",
                        "leu" : "false"
                }
        ]
}
{
        "_id" : ObjectId("5dc0afc2ecb2a56907a15175"),
        "nome" : "Frida",
        "dateOfBirth" : "14/09/1950",
        "nasceuEmSp" : "false",
        "id" : 16,
        "livros" : [
                {
                        "titulo" : "You dont know JS",
                        "leu" : "true"
                },
                {
                        "titulo" : "Eloquente Java",
                        "leu" : "true"
                },
                {
                        "titulo" : "Clean Code",
                        "leu" : "true"
                },
                {
                        "titulo" : "Cangaceiro Java",
                        "leu" : "false"
                }
        ]
}
{
        "_id" : ObjectId("5dc0afc2ecb2a56907a15176"),
        "nome" : "Fatima",
        "dateOfBirth" : "14/09/1960",
        "nasceuEmSp" : "true",
        "id" : 17,
        "livros" : [
                {
                        "titulo" : "You dont know JS",
                        "leu" : "false"
                },
                {
                        "titulo" : "Eloquente Java",
                        "leu" : "true"
                },
                {
                        "titulo" : "Clean Code",
                        "leu" : "false"
                },
                {
                        "titulo" : "Cangaceiro Java",
                        "leu" : "true"
                }
        ]
}
{
        "_id" : ObjectId("5dc0afc2ecb2a56907a15177"),
        "nome" : "Denise",
        "dateOfBirth" : "14/09/1986",
        "nasceuEmSp" : "false",
        "id" : 9,
        "livros" : [
                {
                        "titulo" : "You dont know JS",
                        "leu" : "false"
                },
                {
                        "titulo" : "Eloquente Java",
                        "leu" : "true"
                },
                {
                        "titulo" : "Clean Code",
                        "leu" : "true"
                },
                {
                        "titulo" : "Cangaceiro Java",
                        "leu" : "false"
                }
        ]
}
{
        "_id" : ObjectId("5dc0afc2ecb2a56907a15179"),
        "nome" : "Sonia",
        "dateOfBirth" : "10/08/1954",
        "nasceuEmSp" : "false",
        "id" : 18,
        "livros" : [
                {
                        "titulo" : "You dont know JS",
                        "leu" : "true"
                },
                {
                        "titulo" : "Eloquente Java",
                        "leu" : "true"
                },
                {
                        "titulo" : "Clean Code",
                        "leu" : "true"
                },
                {
                        "titulo" : "Cangaceiro Java",
                        "leu" : "false"
                }
        ]
}
> db.alunas.find({"livros.leu":false}).pretty()
> db.alunas.livros().pretty()
2019-11-04T21:30:35.997-0300 E  QUERY    [js] uncaught exception: TypeError: db.alunas.livros is not a function :
@(shell):1:1
> db.alunas.find().pretty()
{
        "_id" : ObjectId("5dc0afc2ecb2a56907a15168"),
        "nome" : "Maria Eduarda",
        "dateOfBirth" : "11/08/1992",
        "nasceuEmSp" : "true",
        "id" : 4,
        "livros" : [
                {
                        "titulo" : "You dont know JS",
                        "leu" : "false"
                },
                {
                        "titulo" : "Eloquente Java",
                        "leu" : "false"
                },
                {
                        "titulo" : "Clean Code",
                        "leu" : "true"
                },
                {
                        "titulo" : "Cangaceiro Java",
                        "leu" : "true"
                }
        ]
}
{
        "_id" : ObjectId("5dc0afc2ecb2a56907a15169"),
        "nome" : "Natalya",
        "dateOfBirth" : "12/08/1989",
        "nasceuEmSp" : "false",
        "id" : 1,
        "livros" : [
                {
                        "titulo" : "You dont know JS",
                        "leu" : "true"
                },
                {
                        "titulo" : "Eloquente Java",
                        "leu" : "true"
                },
                {
                        "titulo" : "Clean Code",
                        "leu" : "true"
                },
                {
                        "titulo" : "Cangaceiro Java",
                        "leu" : "false"
                }
        ]
}
{
        "_id" : ObjectId("5dc0afc2ecb2a56907a1516a"),
        "nome" : "Maria ",
        "dateOfBirth" : "11/08/1992",
        "nasceuEmSp" : "false",
        "id" : 3,
        "livros" : [
                {
                        "titulo" : "You dont know JS",
                        "leu" : "true"
                },
                {
                        "titulo" : "Eloquente Java",
                        "leu" : "false"
                },
                {
                        "titulo" : "Clean Code",
                        "leu" : "true"
                },
                {
                        "titulo" : "Cangaceiro Java",
                        "leu" : "false"
                }
        ]
}
{
        "_id" : ObjectId("5dc0afc2ecb2a56907a1516b"),
        "nome" : "Natalia",
        "dateOfBirth" : "11/08/1988",
        "nasceuEmSp" : "true",
        "id" : 2,
        "livros" : [
                {
                        "titulo" : "You dont know JS",
                        "leu" : "false"
                },
                {
                        "titulo" : "Eloquente Java",
                        "leu" : "false"
                },
                {
                        "titulo" : "Clean Code",
                        "leu" : "true"
                },
                {
                        "titulo" : "Cangaceiro Java",
                        "leu" : "false"
                },
                {
                        "titulo" : "pequeno principe",
                        "leu" : "true"
                },
                {
                        "titulo" : "pequeno principe",
                        "leu" : "true"
                },
                {
                        "titulo" : "pequeno principe",
                        "leu" : "true"
                }
        ]
}
{
        "_id" : ObjectId("5dc0afc2ecb2a56907a1516c"),
        "nome" : "Bianca",
        "dateOfBirth" : "11/08/1994",
        "nasceuEmSp" : "true",
        "id" : 5,
        "livros" : [
                {
                        "titulo" : "You dont know JS",
                        "leu" : "true"
                },
                {
                        "titulo" : "Eloquente Java",
                        "leu" : "true"
                },
                {
                        "titulo" : "Clean Code",
                        "leu" : "false"
                },
                {
                        "titulo" : "Cangaceiro Java",
                        "leu" : "false"
                }
        ]
}
{
        "_id" : ObjectId("5dc0afc2ecb2a56907a1516d"),
        "nome" : "Marcia",
        "dateOfBirth" : "11/08/1991",
        "nasceuEmSp" : "true",
        "id" : 7,
        "livros" : [
                {
                        "titulo" : "You dont know JS",
                        "leu" : "true"
                },
                {
                        "titulo" : "Eloquente Java",
                        "leu" : "false"
                },
                {
                        "titulo" : "Clean Code",
                        "leu" : "false"
                },
                {
                        "titulo" : "Cangaceiro Java",
                        "leu" : "false"
                }
        ]
}
{
        "_id" : ObjectId("5dc0afc2ecb2a56907a1516e"),
        "nome" : "Barbara",
        "dateOfBirth" : "11/08/1996",
        "nasceuEmSp" : "false",
        "id" : 6,
        "livros" : [
                {
                        "titulo" : "You dont know JS",
                        "leu" : "true"
                },
                {
                        "titulo" : "Eloquente Java",
                        "leu" : "false"
                },
                {
                        "titulo" : "Clean Code",
                        "leu" : "false"
                },
                {
                        "titulo" : "Cangaceiro Java",
                        "leu" : "true"
                }
        ]
}
{
        "_id" : ObjectId("5dc0afc2ecb2a56907a1516f"),
        "nome" : "Livia",
        "dateOfBirth" : "14/09/1991",
        "nasceuEmSp" : "true",
        "id" : 8,
        "livros" : [
                {
                        "titulo" : "You dont know JS",
                        "leu" : "false"
                },
                {
                        "titulo" : "Eloquente Java",
                        "leu" : "true"
                },
                {
                        "titulo" : "Clean Code",
                        "leu" : "false"
                },
                {
                        "titulo" : "Cangaceiro Java",
                        "leu" : "false"
                }
        ]
}
{
        "_id" : ObjectId("5dc0afc2ecb2a56907a15170"),
        "nome" : "Luanda",
        "dateOfBirth" : "14/09/1992",
        "nasceuEmSp" : "false",
        "id" : 12,
        "livros" : [
                {
                        "titulo" : "You dont know JS",
                        "leu" : "false"
                },
                {
                        "titulo" : "Eloquente Java",
                        "leu" : "true"
                },
                {
                        "titulo" : "Clean Code",
                        "leu" : "false"
                },
                {
                        "titulo" : "Cangaceiro Java",
                        "leu" : "false"
                }
        ]
}
{
        "_id" : ObjectId("5dc0afc2ecb2a56907a15171"),
        "nome" : "Larissa",
        "dateOfBirth" : "14/09/1994",
        "nasceuEmSp" : "true",
        "id" : 13,
        "livros" : [
                {
                        "titulo" : "You dont know JS",
                        "leu" : "true"
                },
                {
                        "titulo" : "Eloquente Java",
                        "leu" : "false"
                },
                {
                        "titulo" : "Clean Code",
                        "leu" : "false"
                },
                {
                        "titulo" : "Cangaceiro Java",
                        "leu" : "false"
                }
        ]
}
{
        "_id" : ObjectId("5dc0afc2ecb2a56907a15172"),
        "nome" : "Izadora",
        "dateOfBirth" : "14/09/1992",
        "nasceuEmSp" : "true",
        "id" : 11,
        "livros" : [
                {
                        "titulo" : "You dont know JS",
                        "leu" : "false"
                },
                {
                        "titulo" : "Eloquente Java",
                        "leu" : "false"
                },
                {
                        "titulo" : "Clean Code",
                        "leu" : "true"
                },
                {
                        "titulo" : "Cangaceiro Java",
                        "leu" : "false"
                }
        ]
}
{
        "_id" : ObjectId("5dc0afc2ecb2a56907a15173"),
        "nome" : "Maria do Bairro",
        "dateOfBirth" : "14/09/1990",
        "nasceuEmSp" : "true",
        "id" : 14,
        "livros" : [
                {
                        "titulo" : "You dont know JS",
                        "leu" : "false"
                },
                {
                        "titulo" : "Eloquente Java",
                        "leu" : "false"
                },
                {
                        "titulo" : "Clean Code",
                        "leu" : "false"
                },
                {
                        "titulo" : "Cangaceiro Java",
                        "leu" : "false"
                }
        ]
}
{
        "_id" : ObjectId("5dc0afc2ecb2a56907a15174"),
        "nome" : "Arya Stark ",
        "dateOfBirth" : "14/09/2000",
        "nasceuEmSp" : "false",
        "id" : 15,
        "livros" : [
                {
                        "titulo" : "You dont know JS",
                        "leu" : "true"
                },
                {
                        "titulo" : "Eloquente Java",
                        "leu" : "false"
                },
                {
                        "titulo" : "Clean Code",
                        "leu" : "true"
                },
                {
                        "titulo" : "Cangaceiro Java",
                        "leu" : "false"
                }
        ]
}
{
        "_id" : ObjectId("5dc0afc2ecb2a56907a15175"),
        "nome" : "Frida",
        "dateOfBirth" : "14/09/1950",
        "nasceuEmSp" : "false",
        "id" : 16,
        "livros" : [
                {
                        "titulo" : "You dont know JS",
                        "leu" : "true"
                },
                {
                        "titulo" : "Eloquente Java",
                        "leu" : "true"
                },
                {
                        "titulo" : "Clean Code",
                        "leu" : "true"
                },
                {
                        "titulo" : "Cangaceiro Java",
                        "leu" : "false"
                }
        ]
}
{
        "_id" : ObjectId("5dc0afc2ecb2a56907a15176"),
        "nome" : "Fatima",
        "dateOfBirth" : "14/09/1960",
        "nasceuEmSp" : "true",
        "id" : 17,
        "livros" : [
                {
                        "titulo" : "You dont know JS",
                        "leu" : "false"
                },
                {
                        "titulo" : "Eloquente Java",
                        "leu" : "true"
                },
                {
                        "titulo" : "Clean Code",
                        "leu" : "false"
                },
                {
                        "titulo" : "Cangaceiro Java",
                        "leu" : "true"
                }
        ]
}
{
        "_id" : ObjectId("5dc0afc2ecb2a56907a15177"),
        "nome" : "Denise",
        "dateOfBirth" : "14/09/1986",
        "nasceuEmSp" : "false",
        "id" : 9,
        "livros" : [
                {
                        "titulo" : "You dont know JS",
                        "leu" : "false"
                },
                {
                        "titulo" : "Eloquente Java",
                        "leu" : "true"
                },
                {
                        "titulo" : "Clean Code",
                        "leu" : "true"
                },
                {
                        "titulo" : "Cangaceiro Java",
                        "leu" : "false"
                }
        ]
}
{
        "_id" : ObjectId("5dc0afc2ecb2a56907a15178"),
        "nome" : "Helena",
        "dateOfBirth" : "14/09/1990",
        "nasceuEmSp" : "true",
        "id" : 10,
        "livros" : [
                {
                        "titulo" : "You dont know JS",
                        "leu" : "true"
                },
                {
                        "titulo" : "Eloquente Java",
                        "leu" : "true"
                },
                {
                        "titulo" : "Clean Code",
                        "leu" : "true"
                },
                {
                        "titulo" : "Cangaceiro Java",
                        "leu" : "true"
                }
        ]
}
{
        "_id" : ObjectId("5dc0afc2ecb2a56907a15179"),
        "nome" : "Sonia",
        "dateOfBirth" : "10/08/1954",
        "nasceuEmSp" : "false",
        "id" : 18,
        "livros" : [
                {
                        "titulo" : "You dont know JS",
                        "leu" : "true"
                },
                {
                        "titulo" : "Eloquente Java",
                        "leu" : "true"
                },
                {
                        "titulo" : "Clean Code",
                        "leu" : "true"
                },
                {
                        "titulo" : "Cangaceiro Java",
                        "leu" : "false"
                }
        ]
}
> db.alunas.find({"livros.leu":"false"}).pretty()
{
        "_id" : ObjectId("5dc0afc2ecb2a56907a15168"),
        "nome" : "Maria Eduarda",
        "dateOfBirth" : "11/08/1992",
        "nasceuEmSp" : "true",
        "id" : 4,
        "livros" : [
                {
                        "titulo" : "You dont know JS",
                        "leu" : "false"
                },
                {
                        "titulo" : "Eloquente Java",
                        "leu" : "false"
                },
                {
                        "titulo" : "Clean Code",
                        "leu" : "true"
                },
                {
                        "titulo" : "Cangaceiro Java",
                        "leu" : "true"
                }
        ]
}
{
        "_id" : ObjectId("5dc0afc2ecb2a56907a15169"),
        "nome" : "Natalya",
        "dateOfBirth" : "12/08/1989",
        "nasceuEmSp" : "false",
        "id" : 1,
        "livros" : [
                {
                        "titulo" : "You dont know JS",
                        "leu" : "true"
                },
                {
                        "titulo" : "Eloquente Java",
                        "leu" : "true"
                },
                {
                        "titulo" : "Clean Code",
                        "leu" : "true"
                },
                {
                        "titulo" : "Cangaceiro Java",
                        "leu" : "false"
                }
        ]
}
{
        "_id" : ObjectId("5dc0afc2ecb2a56907a1516a"),
        "nome" : "Maria ",
        "dateOfBirth" : "11/08/1992",
        "nasceuEmSp" : "false",
        "id" : 3,
        "livros" : [
                {
                        "titulo" : "You dont know JS",
                        "leu" : "true"
                },
                {
                        "titulo" : "Eloquente Java",
                        "leu" : "false"
                },
                {
                        "titulo" : "Clean Code",
                        "leu" : "true"
                },
                {
                        "titulo" : "Cangaceiro Java",
                        "leu" : "false"
                }
        ]
}
{
        "_id" : ObjectId("5dc0afc2ecb2a56907a1516b"),
        "nome" : "Natalia",
        "dateOfBirth" : "11/08/1988",
        "nasceuEmSp" : "true",
        "id" : 2,
        "livros" : [
                {
                        "titulo" : "You dont know JS",
                        "leu" : "false"
                },
                {
                        "titulo" : "Eloquente Java",
                        "leu" : "false"
                },
                {
                        "titulo" : "Clean Code",
                        "leu" : "true"
                },
                {
                        "titulo" : "Cangaceiro Java",
                        "leu" : "false"
                },
                {
                        "titulo" : "pequeno principe",
                        "leu" : "true"
                },
                {
                        "titulo" : "pequeno principe",
                        "leu" : "true"
                },
                {
                        "titulo" : "pequeno principe",
                        "leu" : "true"
                }
        ]
}
{
        "_id" : ObjectId("5dc0afc2ecb2a56907a1516c"),
        "nome" : "Bianca",
        "dateOfBirth" : "11/08/1994",
        "nasceuEmSp" : "true",
        "id" : 5,
        "livros" : [
                {
                        "titulo" : "You dont know JS",
                        "leu" : "true"
                },
                {
                        "titulo" : "Eloquente Java",
                        "leu" : "true"
                },
                {
                        "titulo" : "Clean Code",
                        "leu" : "false"
                },
                {
                        "titulo" : "Cangaceiro Java",
                        "leu" : "false"
                }
        ]
}
{
        "_id" : ObjectId("5dc0afc2ecb2a56907a1516d"),
        "nome" : "Marcia",
        "dateOfBirth" : "11/08/1991",
        "nasceuEmSp" : "true",
        "id" : 7,
        "livros" : [
                {
                        "titulo" : "You dont know JS",
                        "leu" : "true"
                },
                {
                        "titulo" : "Eloquente Java",
                        "leu" : "false"
                },
                {
                        "titulo" : "Clean Code",
                        "leu" : "false"
                },
                {
                        "titulo" : "Cangaceiro Java",
                        "leu" : "false"
                }
        ]
}
{
        "_id" : ObjectId("5dc0afc2ecb2a56907a1516e"),
        "nome" : "Barbara",
        "dateOfBirth" : "11/08/1996",
        "nasceuEmSp" : "false",
        "id" : 6,
        "livros" : [
                {
                        "titulo" : "You dont know JS",
                        "leu" : "true"
                },
                {
                        "titulo" : "Eloquente Java",
                        "leu" : "false"
                },
                {
                        "titulo" : "Clean Code",
                        "leu" : "false"
                },
                {
                        "titulo" : "Cangaceiro Java",
                        "leu" : "true"
                }
        ]
}
{
        "_id" : ObjectId("5dc0afc2ecb2a56907a1516f"),
        "nome" : "Livia",
        "dateOfBirth" : "14/09/1991",
        "nasceuEmSp" : "true",
        "id" : 8,
        "livros" : [
                {
                        "titulo" : "You dont know JS",
                        "leu" : "false"
                },
                {
                        "titulo" : "Eloquente Java",
                        "leu" : "true"
                },
                {
                        "titulo" : "Clean Code",
                        "leu" : "false"
                },
                {
                        "titulo" : "Cangaceiro Java",
                        "leu" : "false"
                }
        ]
}
{
        "_id" : ObjectId("5dc0afc2ecb2a56907a15170"),
        "nome" : "Luanda",
        "dateOfBirth" : "14/09/1992",
        "nasceuEmSp" : "false",
        "id" : 12,
        "livros" : [
                {
                        "titulo" : "You dont know JS",
                        "leu" : "false"
                },
                {
                        "titulo" : "Eloquente Java",
                        "leu" : "true"
                },
                {
                        "titulo" : "Clean Code",
                        "leu" : "false"
                },
                {
                        "titulo" : "Cangaceiro Java",
                        "leu" : "false"
                }
        ]
}
{
        "_id" : ObjectId("5dc0afc2ecb2a56907a15171"),
        "nome" : "Larissa",
        "dateOfBirth" : "14/09/1994",
        "nasceuEmSp" : "true",
        "id" : 13,
        "livros" : [
                {
                        "titulo" : "You dont know JS",
                        "leu" : "true"
                },
                {
                        "titulo" : "Eloquente Java",
                        "leu" : "false"
                },
                {
                        "titulo" : "Clean Code",
                        "leu" : "false"
                },
                {
                        "titulo" : "Cangaceiro Java",
                        "leu" : "false"
                }
        ]
}
{
        "_id" : ObjectId("5dc0afc2ecb2a56907a15172"),
        "nome" : "Izadora",
        "dateOfBirth" : "14/09/1992",
        "nasceuEmSp" : "true",
        "id" : 11,
        "livros" : [
                {
                        "titulo" : "You dont know JS",
                        "leu" : "false"
                },
                {
                        "titulo" : "Eloquente Java",
                        "leu" : "false"
                },
                {
                        "titulo" : "Clean Code",
                        "leu" : "true"
                },
                {
                        "titulo" : "Cangaceiro Java",
                        "leu" : "false"
                }
        ]
}
{
        "_id" : ObjectId("5dc0afc2ecb2a56907a15173"),
        "nome" : "Maria do Bairro",
        "dateOfBirth" : "14/09/1990",
        "nasceuEmSp" : "true",
        "id" : 14,
        "livros" : [
                {
                        "titulo" : "You dont know JS",
                        "leu" : "false"
                },
                {
                        "titulo" : "Eloquente Java",
                        "leu" : "false"
                },
                {
                        "titulo" : "Clean Code",
                        "leu" : "false"
                },
                {
                        "titulo" : "Cangaceiro Java",
                        "leu" : "false"
                }
        ]
}
{
        "_id" : ObjectId("5dc0afc2ecb2a56907a15174"),
        "nome" : "Arya Stark ",
        "dateOfBirth" : "14/09/2000",
        "nasceuEmSp" : "false",
        "id" : 15,
        "livros" : [
                {
                        "titulo" : "You dont know JS",
                        "leu" : "true"
                },
                {
                        "titulo" : "Eloquente Java",
                        "leu" : "false"
                },
                {
                        "titulo" : "Clean Code",
                        "leu" : "true"
                },
                {
                        "titulo" : "Cangaceiro Java",
                        "leu" : "false"
                }
        ]
}
{
        "_id" : ObjectId("5dc0afc2ecb2a56907a15175"),
        "nome" : "Frida",
        "dateOfBirth" : "14/09/1950",
        "nasceuEmSp" : "false",
        "id" : 16,
        "livros" : [
                {
                        "titulo" : "You dont know JS",
                        "leu" : "true"
                },
                {
                        "titulo" : "Eloquente Java",
                        "leu" : "true"
                },
                {
                        "titulo" : "Clean Code",
                        "leu" : "true"
                },
                {
                        "titulo" : "Cangaceiro Java",
                        "leu" : "false"
                }
        ]
}
{
        "_id" : ObjectId("5dc0afc2ecb2a56907a15176"),
        "nome" : "Fatima",
        "dateOfBirth" : "14/09/1960",
        "nasceuEmSp" : "true",
        "id" : 17,
        "livros" : [
                {
                        "titulo" : "You dont know JS",
                        "leu" : "false"
                },
                {
                        "titulo" : "Eloquente Java",
                        "leu" : "true"
                },
                {
                        "titulo" : "Clean Code",
                        "leu" : "false"
                },
                {
                        "titulo" : "Cangaceiro Java",
                        "leu" : "true"
                }
        ]
}
{
        "_id" : ObjectId("5dc0afc2ecb2a56907a15177"),
        "nome" : "Denise",
        "dateOfBirth" : "14/09/1986",
        "nasceuEmSp" : "false",
        "id" : 9,
        "livros" : [
                {
                        "titulo" : "You dont know JS",
                        "leu" : "false"
                },
                {
                        "titulo" : "Eloquente Java",
                        "leu" : "true"
                },
                {
                        "titulo" : "Clean Code",
                        "leu" : "true"
                },
                {
                        "titulo" : "Cangaceiro Java",
                        "leu" : "false"
                }
        ]
}
{
        "_id" : ObjectId("5dc0afc2ecb2a56907a15179"),
        "nome" : "Sonia",
        "dateOfBirth" : "10/08/1954",
        "nasceuEmSp" : "false",
        "id" : 18,
        "livros" : [
                {
                        "titulo" : "You dont know JS",
                        "leu" : "true"
                },
                {
                        "titulo" : "Eloquente Java",
                        "leu" : "true"
                },
                {
                        "titulo" : "Clean Code",
                        "leu" : "true"
                },
                {
                        "titulo" : "Cangaceiro Java",
                        "leu" : "false"
                }
        ]
}
> db.alunas.find({livros:{$in:[{"titulo":"clean code A" , "leu":"true"}]}}).pretty()
> db.alunas.find({livros:{$in:[{"titulo":"clean code A" , "leu":"true"}]}}).pretty()
> db.alunas.find({livros:{$in:[{"titulo":"Clean Code " , "leu":"true"}]}}).pretty()
> db.alunas.find({livros:{$in:[{"titulo":"Clean Code","leu":"true"}]}}).pretty()
{
        "_id" : ObjectId("5dc0afc2ecb2a56907a15168"),
        "nome" : "Maria Eduarda",
        "dateOfBirth" : "11/08/1992",
        "nasceuEmSp" : "true",
        "id" : 4,
        "livros" : [
                {
                        "titulo" : "You dont know JS",
                        "leu" : "false"
                },
                {
                        "titulo" : "Eloquente Java",
                        "leu" : "false"
                },
                {
                        "titulo" : "Clean Code",
                        "leu" : "true"
                },
                {
                        "titulo" : "Cangaceiro Java",
                        "leu" : "true"
                }
        ]
}
{
        "_id" : ObjectId("5dc0afc2ecb2a56907a15169"),
        "nome" : "Natalya",
        "dateOfBirth" : "12/08/1989",
        "nasceuEmSp" : "false",
        "id" : 1,
        "livros" : [
                {
                        "titulo" : "You dont know JS",
                        "leu" : "true"
                },
                {
                        "titulo" : "Eloquente Java",
                        "leu" : "true"
                },
                {
                        "titulo" : "Clean Code",
                        "leu" : "true"
                },
                {
                        "titulo" : "Cangaceiro Java",
                        "leu" : "false"
                }
        ]
}
{
        "_id" : ObjectId("5dc0afc2ecb2a56907a1516a"),
        "nome" : "Maria ",
        "dateOfBirth" : "11/08/1992",
        "nasceuEmSp" : "false",
        "id" : 3,
        "livros" : [
                {
                        "titulo" : "You dont know JS",
                        "leu" : "true"
                },
                {
                        "titulo" : "Eloquente Java",
                        "leu" : "false"
                },
                {
                        "titulo" : "Clean Code",
                        "leu" : "true"
                },
                {
                        "titulo" : "Cangaceiro Java",
                        "leu" : "false"
                }
        ]
}
{
        "_id" : ObjectId("5dc0afc2ecb2a56907a1516b"),
        "nome" : "Natalia",
        "dateOfBirth" : "11/08/1988",
        "nasceuEmSp" : "true",
        "id" : 2,
        "livros" : [
                {
                        "titulo" : "You dont know JS",
                        "leu" : "false"
                },
                {
                        "titulo" : "Eloquente Java",
                        "leu" : "false"
                },
                {
                        "titulo" : "Clean Code",
                        "leu" : "true"
                },
                {
                        "titulo" : "Cangaceiro Java",
                        "leu" : "false"
                },
                {
                        "titulo" : "pequeno principe",
                        "leu" : "true"
                },
                {
                        "titulo" : "pequeno principe",
                        "leu" : "true"
                },
                {
                        "titulo" : "pequeno principe",
                        "leu" : "true"
                }
        ]
}
{
        "_id" : ObjectId("5dc0afc2ecb2a56907a15172"),
        "nome" : "Izadora",
        "dateOfBirth" : "14/09/1992",
        "nasceuEmSp" : "true",
        "id" : 11,
        "livros" : [
                {
                        "titulo" : "You dont know JS",
                        "leu" : "false"
                },
                {
                        "titulo" : "Eloquente Java",
                        "leu" : "false"
                },
                {
                        "titulo" : "Clean Code",
                        "leu" : "true"
                },
                {
                        "titulo" : "Cangaceiro Java",
                        "leu" : "false"
                }
        ]
}
{
        "_id" : ObjectId("5dc0afc2ecb2a56907a15174"),
        "nome" : "Arya Stark ",
        "dateOfBirth" : "14/09/2000",
        "nasceuEmSp" : "false",
        "id" : 15,
        "livros" : [
                {
                        "titulo" : "You dont know JS",
                        "leu" : "true"
                },
                {
                        "titulo" : "Eloquente Java",
                        "leu" : "false"
                },
                {
                        "titulo" : "Clean Code",
                        "leu" : "true"
                },
                {
                        "titulo" : "Cangaceiro Java",
                        "leu" : "false"
                }
        ]
}
{
        "_id" : ObjectId("5dc0afc2ecb2a56907a15175"),
        "nome" : "Frida",
        "dateOfBirth" : "14/09/1950",
        "nasceuEmSp" : "false",
        "id" : 16,
        "livros" : [
                {
                        "titulo" : "You dont know JS",
                        "leu" : "true"
                },
                {
                        "titulo" : "Eloquente Java",
                        "leu" : "true"
                },
                {
                        "titulo" : "Clean Code",
                        "leu" : "true"
                },
                {
                        "titulo" : "Cangaceiro Java",
                        "leu" : "false"
                }
        ]
}
{
        "_id" : ObjectId("5dc0afc2ecb2a56907a15177"),
        "nome" : "Denise",
        "dateOfBirth" : "14/09/1986",
        "nasceuEmSp" : "false",
        "id" : 9,
        "livros" : [
                {
                        "titulo" : "You dont know JS",
                        "leu" : "false"
                },
                {
                        "titulo" : "Eloquente Java",
                        "leu" : "true"
                },
                {
                        "titulo" : "Clean Code",
                        "leu" : "true"
                },
                {
                        "titulo" : "Cangaceiro Java",
                        "leu" : "false"
                }
        ]
}
{
        "_id" : ObjectId("5dc0afc2ecb2a56907a15178"),
        "nome" : "Helena",
        "dateOfBirth" : "14/09/1990",
        "nasceuEmSp" : "true",
        "id" : 10,
        "livros" : [
                {
                        "titulo" : "You dont know JS",
                        "leu" : "true"
                },
                {
                        "titulo" : "Eloquente Java",
                        "leu" : "true"
                },
                {
                        "titulo" : "Clean Code",
                        "leu" : "true"
                },
                {
                        "titulo" : "Cangaceiro Java",
                        "leu" : "true"
                }
        ]
}
{
        "_id" : ObjectId("5dc0afc2ecb2a56907a15179"),
        "nome" : "Sonia",
        "dateOfBirth" : "10/08/1954",
        "nasceuEmSp" : "false",
        "id" : 18,
        "livros" : [
                {
                        "titulo" : "You dont know JS",
                        "leu" : "true"
                },
                {
                        "titulo" : "Eloquente Java",
                        "leu" : "true"
                },
                {
                        "titulo" : "Clean Code",
                        "leu" : "true"
                },
                {
                        "titulo" : "Cangaceiro Java",
                        "leu" : "false"
                }
        ]
}
> db.alunas.find({livros:{$in:[{"titulo":"Clean Code","leu":"true"}]}}).pretty()
{
        "_id" : ObjectId("5dc0afc2ecb2a56907a15168"),
        "nome" : "Maria Eduarda",
        "dateOfBirth" : "11/08/1992",
        "nasceuEmSp" : "true",
        "id" : 4,
        "livros" : [
                {
                        "titulo" : "You dont know JS",
                        "leu" : "false"
                },
                {
                        "titulo" : "Eloquente Java",
                        "leu" : "false"
                },
                {
                        "titulo" : "Clean Code",
                        "leu" : "true"
                },
                {
                        "titulo" : "Cangaceiro Java",
                        "leu" : "true"
                }
        ]
}
{
        "_id" : ObjectId("5dc0afc2ecb2a56907a15169"),
        "nome" : "Natalya",
        "dateOfBirth" : "12/08/1989",
        "nasceuEmSp" : "false",
        "id" : 1,
        "livros" : [
                {
                        "titulo" : "You dont know JS",
                        "leu" : "true"
                },
                {
                        "titulo" : "Eloquente Java",
                        "leu" : "true"
                },
                {
                        "titulo" : "Clean Code",
                        "leu" : "true"
                },
                {
                        "titulo" : "Cangaceiro Java",
                        "leu" : "false"
                }
        ]
}
{
        "_id" : ObjectId("5dc0afc2ecb2a56907a1516a"),
        "nome" : "Maria ",
        "dateOfBirth" : "11/08/1992",
        "nasceuEmSp" : "false",
        "id" : 3,
        "livros" : [
                {
                        "titulo" : "You dont know JS",
                        "leu" : "true"
                },
                {
                        "titulo" : "Eloquente Java",
                        "leu" : "false"
                },
                {
                        "titulo" : "Clean Code",
                        "leu" : "true"
                },
                {
                        "titulo" : "Cangaceiro Java",
                        "leu" : "false"
                }
        ]
}
{
        "_id" : ObjectId("5dc0afc2ecb2a56907a1516b"),
        "nome" : "Natalia",
        "dateOfBirth" : "11/08/1988",
        "nasceuEmSp" : "true",
        "id" : 2,
        "livros" : [
                {
                        "titulo" : "You dont know JS",
                        "leu" : "false"
                },
                {
                        "titulo" : "Eloquente Java",
                        "leu" : "false"
                },
                {
                        "titulo" : "Clean Code",
                        "leu" : "true"
                },
                {
                        "titulo" : "Cangaceiro Java",
                        "leu" : "false"
                },
                {
                        "titulo" : "pequeno principe",
                        "leu" : "true"
                },
                {
                        "titulo" : "pequeno principe",
                        "leu" : "true"
                },
                {
                        "titulo" : "pequeno principe",
                        "leu" : "true"
                }
        ]
}
{
        "_id" : ObjectId("5dc0afc2ecb2a56907a15172"),
        "nome" : "Izadora",
        "dateOfBirth" : "14/09/1992",
        "nasceuEmSp" : "true",
        "id" : 11,
        "livros" : [
                {
                        "titulo" : "You dont know JS",
                        "leu" : "false"
                },
                {
                        "titulo" : "Eloquente Java",
                        "leu" : "false"
                },
                {
                        "titulo" : "Clean Code",
                        "leu" : "true"
                },
                {
                        "titulo" : "Cangaceiro Java",
                        "leu" : "false"
                }
        ]
}
{
        "_id" : ObjectId("5dc0afc2ecb2a56907a15174"),
        "nome" : "Arya Stark ",
        "dateOfBirth" : "14/09/2000",
        "nasceuEmSp" : "false",
        "id" : 15,
        "livros" : [
                {
                        "titulo" : "You dont know JS",
                        "leu" : "true"
                },
                {
                        "titulo" : "Eloquente Java",
                        "leu" : "false"
                },
                {
                        "titulo" : "Clean Code",
                        "leu" : "true"
                },
                {
                        "titulo" : "Cangaceiro Java",
                        "leu" : "false"
                }
        ]
}
{
        "_id" : ObjectId("5dc0afc2ecb2a56907a15175"),
        "nome" : "Frida",
        "dateOfBirth" : "14/09/1950",
        "nasceuEmSp" : "false",
        "id" : 16,
        "livros" : [
                {
                        "titulo" : "You dont know JS",
                        "leu" : "true"
                },
                {
                        "titulo" : "Eloquente Java",
                        "leu" : "true"
                },
                {
                        "titulo" : "Clean Code",
                        "leu" : "true"
                },
                {
                        "titulo" : "Cangaceiro Java",
                        "leu" : "false"
                }
        ]
}
{
        "_id" : ObjectId("5dc0afc2ecb2a56907a15177"),
        "nome" : "Denise",
        "dateOfBirth" : "14/09/1986",
        "nasceuEmSp" : "false",
        "id" : 9,
        "livros" : [
                {
                        "titulo" : "You dont know JS",
                        "leu" : "false"
                },
                {
                        "titulo" : "Eloquente Java",
                        "leu" : "true"
                },
                {
                        "titulo" : "Clean Code",
                        "leu" : "true"
                },
                {
                        "titulo" : "Cangaceiro Java",
                        "leu" : "false"
                }
        ]
}
{
        "_id" : ObjectId("5dc0afc2ecb2a56907a15178"),
        "nome" : "Helena",
        "dateOfBirth" : "14/09/1990",
        "nasceuEmSp" : "true",
        "id" : 10,
        "livros" : [
                {
                        "titulo" : "You dont know JS",
                        "leu" : "true"
                },
                {
                        "titulo" : "Eloquente Java",
                        "leu" : "true"
                },
                {
                        "titulo" : "Clean Code",
                        "leu" : "true"
                },
                {
                        "titulo" : "Cangaceiro Java",
                        "leu" : "true"
                }
        ]
}
{
        "_id" : ObjectId("5dc0afc2ecb2a56907a15179"),
        "nome" : "Sonia",
        "dateOfBirth" : "10/08/1954",
        "nasceuEmSp" : "false",
        "id" : 18,
        "livros" : [
                {
                        "titulo" : "You dont know JS",
                        "leu" : "true"
                },
                {
                        "titulo" : "Eloquente Java",
                        "leu" : "true"
                },
                {
                        "titulo" : "Clean Code",
                        "leu" : "true"
                },
                {
                        "titulo" : "Cangaceiro Java",
                        "leu" : "false"
                }
        ]
}
>
>
> {
... fuyuy}
2019-11-04T21:44:54.653-0300 E  QUERY    [js] uncaught exception: ReferenceError: fuyuy is not defined :
@(shell):2:1
> db.alunas.find({livros:{$in:[{"titulo":"Clean Code","leu":"true"}]}}).pretty()
{
        "_id" : ObjectId("5dc0afc2ecb2a56907a15168"),
        "nome" : "Maria Eduarda",
        "dateOfBirth" : "11/08/1992",
        "nasceuEmSp" : "true",
        "id" : 4,
        "livros" : [
                {
                        "titulo" : "You dont know JS",
                        "leu" : "false"
                },
                {
                        "titulo" : "Eloquente Java",
                        "leu" : "false"
                },
                {
                        "titulo" : "Clean Code",
                        "leu" : "true"
                },
                {
                        "titulo" : "Cangaceiro Java",
                        "leu" : "true"
                }
        ]
}
{
        "_id" : ObjectId("5dc0afc2ecb2a56907a15169"),
        "nome" : "Natalya",
        "dateOfBirth" : "12/08/1989",
        "nasceuEmSp" : "false",
        "id" : 1,
        "livros" : [
                {
                        "titulo" : "You dont know JS",
                        "leu" : "true"
                },
                {
                        "titulo" : "Eloquente Java",
                        "leu" : "true"
                },
                {
                        "titulo" : "Clean Code",
                        "leu" : "true"
                },
                {
                        "titulo" : "Cangaceiro Java",
                        "leu" : "false"
                }
        ]
}
{
        "_id" : ObjectId("5dc0afc2ecb2a56907a1516a"),
        "nome" : "Maria ",
        "dateOfBirth" : "11/08/1992",
        "nasceuEmSp" : "false",
        "id" : 3,
        "livros" : [
                {
                        "titulo" : "You dont know JS",
                        "leu" : "true"
                },
                {
                        "titulo" : "Eloquente Java",
                        "leu" : "false"
                },
                {
                        "titulo" : "Clean Code",
                        "leu" : "true"
                },
                {
                        "titulo" : "Cangaceiro Java",
                        "leu" : "false"
                }
        ]
}
{
        "_id" : ObjectId("5dc0afc2ecb2a56907a1516b"),
        "nome" : "Natalia",
        "dateOfBirth" : "11/08/1988",
        "nasceuEmSp" : "true",
        "id" : 2,
        "livros" : [
                {
                        "titulo" : "You dont know JS",
                        "leu" : "false"
                },
                {
                        "titulo" : "Eloquente Java",
                        "leu" : "false"
                },
                {
                        "titulo" : "Clean Code",
                        "leu" : "true"
                },
                {
                        "titulo" : "Cangaceiro Java",
                        "leu" : "false"
                },
                {
                        "titulo" : "pequeno principe",
                        "leu" : "true"
                },
                {
                        "titulo" : "pequeno principe",
                        "leu" : "true"
                },
                {
                        "titulo" : "pequeno principe",
                        "leu" : "true"
                }
        ]
}
{
        "_id" : ObjectId("5dc0afc2ecb2a56907a15172"),
        "nome" : "Izadora",
        "dateOfBirth" : "14/09/1992",
        "nasceuEmSp" : "true",
        "id" : 11,
        "livros" : [
                {
                        "titulo" : "You dont know JS",
                        "leu" : "false"
                },
                {
                        "titulo" : "Eloquente Java",
                        "leu" : "false"
                },
                {
                        "titulo" : "Clean Code",
                        "leu" : "true"
                },
                {
                        "titulo" : "Cangaceiro Java",
                        "leu" : "false"
                }
        ]
}
{
        "_id" : ObjectId("5dc0afc2ecb2a56907a15174"),
        "nome" : "Arya Stark ",
        "dateOfBirth" : "14/09/2000",
        "nasceuEmSp" : "false",
        "id" : 15,
        "livros" : [
                {
                        "titulo" : "You dont know JS",
                        "leu" : "true"
                },
                {
                        "titulo" : "Eloquente Java",
                        "leu" : "false"
                },
                {
                        "titulo" : "Clean Code",
                        "leu" : "true"
                },
                {
                        "titulo" : "Cangaceiro Java",
                        "leu" : "false"
                }
        ]
}
{
        "_id" : ObjectId("5dc0afc2ecb2a56907a15175"),
        "nome" : "Frida",
        "dateOfBirth" : "14/09/1950",
        "nasceuEmSp" : "false",
        "id" : 16,
        "livros" : [
                {
                        "titulo" : "You dont know JS",
                        "leu" : "true"
                },
                {
                        "titulo" : "Eloquente Java",
                        "leu" : "true"
                },
                {
                        "titulo" : "Clean Code",
                        "leu" : "true"
                },
                {
                        "titulo" : "Cangaceiro Java",
                        "leu" : "false"
                }
        ]
}
{
        "_id" : ObjectId("5dc0afc2ecb2a56907a15177"),
        "nome" : "Denise",
        "dateOfBirth" : "14/09/1986",
        "nasceuEmSp" : "false",
        "id" : 9,
        "livros" : [
                {
                        "titulo" : "You dont know JS",
                        "leu" : "false"
                },
                {
                        "titulo" : "Eloquente Java",
                        "leu" : "true"
                },
                {
                        "titulo" : "Clean Code",
                        "leu" : "true"
                },
                {
                        "titulo" : "Cangaceiro Java",
                        "leu" : "false"
                }
        ]
}
{
        "_id" : ObjectId("5dc0afc2ecb2a56907a15178"),
        "nome" : "Helena",
        "dateOfBirth" : "14/09/1990",
        "nasceuEmSp" : "true",
        "id" : 10,
        "livros" : [
                {
                        "titulo" : "You dont know JS",
                        "leu" : "true"
                },
                {
                        "titulo" : "Eloquente Java",
                        "leu" : "true"
                },
                {
                        "titulo" : "Clean Code",
                        "leu" : "true"
                },
                {
                        "titulo" : "Cangaceiro Java",
                        "leu" : "true"
                }
        ]
}
{
        "_id" : ObjectId("5dc0afc2ecb2a56907a15179"),
        "nome" : "Sonia",
        "dateOfBirth" : "10/08/1954",
        "nasceuEmSp" : "false",
        "id" : 18,
        "livros" : [
                {
                        "titulo" : "You dont know JS",
                        "leu" : "true"
                },
                {
                        "titulo" : "Eloquente Java",
                        "leu" : "true"
                },
                {
                        "titulo" : "Clean Code",
                        "leu" : "true"
                },
                {
                        "titulo" : "Cangaceiro Java",
                        "leu" : "false"
                }
        ]
}
> db.alunas.find({livros:{$in:[{"titulo":"Clean Code","leu":"true"},{"nome":"Sonia}]}}).pretty()
2019-11-04T21:47:09.030-0300 E  QUERY    [js] uncaught exception: SyntaxError: "" literal not terminated before end of script :
@(shell):1:94
> db.alunas.find({livros:{$in:[{"titulo":"Clean Code","leu":"true"}$and{"nome":"Sonia}]}}).pretty()
2019-11-04T21:53:25.793-0300 E  QUERY    [js] uncaught exception: SyntaxError: missing ] after element list :
@(shell):1:65
> show dbs
admin       0.000GBand:[{"livros.titulo":"Clean Code","livros.leu":"true"}]}).pretty()
config      0.000GB
local       0.000GB
reprograma  0.000GB
> db.alunas.find({$and:[{"livros.titulo":"Clean Code","livros.leu":"true"}]}).pretty()
{
        "_id" : ObjectId("5dc0afc2ecb2a56907a15168"),
        "nome" : "Maria Eduarda",
        "dateOfBirth" : "11/08/1992",
        "nasceuEmSp" : "true",
        "id" : 4,
        "livros" : [
                {
                        "titulo" : "You dont know JS",
                        "leu" : "false"
                },
                {
                        "titulo" : "Eloquente Java",
                        "leu" : "false"
                },
                {
                        "titulo" : "Clean Code",
                        "leu" : "true"
                },
                {
                        "titulo" : "Cangaceiro Java",
                        "leu" : "true"
                }
        ]
}
{
        "_id" : ObjectId("5dc0afc2ecb2a56907a15169"),
        "nome" : "Natalya",
        "dateOfBirth" : "12/08/1989",
        "nasceuEmSp" : "false",
        "id" : 1,
        "livros" : [
                {
                        "titulo" : "You dont know JS",
                        "leu" : "true"
                },
                {
                        "titulo" : "Eloquente Java",
                        "leu" : "true"
                },
                {
                        "titulo" : "Clean Code",
                        "leu" : "true"
                },
                {
                        "titulo" : "Cangaceiro Java",
                        "leu" : "false"
                }
        ]
}
{
        "_id" : ObjectId("5dc0afc2ecb2a56907a1516a"),
        "nome" : "Maria ",
        "dateOfBirth" : "11/08/1992",
        "nasceuEmSp" : "false",
        "id" : 3,
        "livros" : [
                {
                        "titulo" : "You dont know JS",
                        "leu" : "true"
                },
                {
                        "titulo" : "Eloquente Java",
                        "leu" : "false"
                },
                {
                        "titulo" : "Clean Code",
                        "leu" : "true"
                },
                {
                        "titulo" : "Cangaceiro Java",
                        "leu" : "false"
                }
        ]
}
{
        "_id" : ObjectId("5dc0afc2ecb2a56907a1516b"),
        "nome" : "Natalia",
        "dateOfBirth" : "11/08/1988",
        "nasceuEmSp" : "true",
        "id" : 2,
        "livros" : [
                {
                        "titulo" : "You dont know JS",
                        "leu" : "false"
                },
                {
                        "titulo" : "Eloquente Java",
                        "leu" : "false"
                },
                {
                        "titulo" : "Clean Code",
                        "leu" : "true"
                },
                {
                        "titulo" : "Cangaceiro Java",
                        "leu" : "false"
                },
                {
                        "titulo" : "pequeno principe",
                        "leu" : "true"
                },
                {
                        "titulo" : "pequeno principe",
                        "leu" : "true"
                },
                {
                        "titulo" : "pequeno principe",
                        "leu" : "true"
                }
        ]
}
{
        "_id" : ObjectId("5dc0afc2ecb2a56907a1516c"),
        "nome" : "Bianca",
        "dateOfBirth" : "11/08/1994",
        "nasceuEmSp" : "true",
        "id" : 5,
        "livros" : [
                {
                        "titulo" : "You dont know JS",
                        "leu" : "true"
                },
                {
                        "titulo" : "Eloquente Java",
                        "leu" : "true"
                },
                {
                        "titulo" : "Clean Code",
                        "leu" : "false"
                },
                {
                        "titulo" : "Cangaceiro Java",
                        "leu" : "false"
                }
        ]
}
{
        "_id" : ObjectId("5dc0afc2ecb2a56907a1516d"),
        "nome" : "Marcia",
        "dateOfBirth" : "11/08/1991",
        "nasceuEmSp" : "true",
        "id" : 7,
        "livros" : [
                {
                        "titulo" : "You dont know JS",
                        "leu" : "true"
                },
                {
                        "titulo" : "Eloquente Java",
                        "leu" : "false"
                },
                {
                        "titulo" : "Clean Code",
                        "leu" : "false"
                },
                {
                        "titulo" : "Cangaceiro Java",
                        "leu" : "false"
                }
        ]
}
{
        "_id" : ObjectId("5dc0afc2ecb2a56907a1516e"),
        "nome" : "Barbara",
        "dateOfBirth" : "11/08/1996",
        "nasceuEmSp" : "false",
        "id" : 6,
        "livros" : [
                {
                        "titulo" : "You dont know JS",
                        "leu" : "true"
                },
                {
                        "titulo" : "Eloquente Java",
                        "leu" : "false"
                },
                {
                        "titulo" : "Clean Code",
                        "leu" : "false"
                },
                {
                        "titulo" : "Cangaceiro Java",
                        "leu" : "true"
                }
        ]
}
{
        "_id" : ObjectId("5dc0afc2ecb2a56907a1516f"),
        "nome" : "Livia",
        "dateOfBirth" : "14/09/1991",
        "nasceuEmSp" : "true",
        "id" : 8,
        "livros" : [
                {
                        "titulo" : "You dont know JS",
                        "leu" : "false"
                },
                {
                        "titulo" : "Eloquente Java",
                        "leu" : "true"
                },
                {
                        "titulo" : "Clean Code",
                        "leu" : "false"
                },
                {
                        "titulo" : "Cangaceiro Java",
                        "leu" : "false"
                }
        ]
}
{
        "_id" : ObjectId("5dc0afc2ecb2a56907a15170"),
        "nome" : "Luanda",
        "dateOfBirth" : "14/09/1992",
        "nasceuEmSp" : "false",
        "id" : 12,
        "livros" : [
                {
                        "titulo" : "You dont know JS",
                        "leu" : "false"
                },
                {
                        "titulo" : "Eloquente Java",
                        "leu" : "true"
                },
                {
                        "titulo" : "Clean Code",
                        "leu" : "false"
                },
                {
                        "titulo" : "Cangaceiro Java",
                        "leu" : "false"
                }
        ]
}
{
        "_id" : ObjectId("5dc0afc2ecb2a56907a15171"),
        "nome" : "Larissa",
        "dateOfBirth" : "14/09/1994",
        "nasceuEmSp" : "true",
        "id" : 13,
        "livros" : [
                {
                        "titulo" : "You dont know JS",
                        "leu" : "true"
                },
                {
                        "titulo" : "Eloquente Java",
                        "leu" : "false"
                },
                {
                        "titulo" : "Clean Code",
                        "leu" : "false"
                },
                {
                        "titulo" : "Cangaceiro Java",
                        "leu" : "false"
                }
        ]
}
{
        "_id" : ObjectId("5dc0afc2ecb2a56907a15172"),
        "nome" : "Izadora",
        "dateOfBirth" : "14/09/1992",
        "nasceuEmSp" : "true",
        "id" : 11,
        "livros" : [
                {
                        "titulo" : "You dont know JS",
                        "leu" : "false"
                },
                {
                        "titulo" : "Eloquente Java",
                        "leu" : "false"
                },
                {
                        "titulo" : "Clean Code",
                        "leu" : "true"
                },
                {
                        "titulo" : "Cangaceiro Java",
                        "leu" : "false"
                }
        ]
}
{
        "_id" : ObjectId("5dc0afc2ecb2a56907a15174"),
        "nome" : "Arya Stark ",
        "dateOfBirth" : "14/09/2000",
        "nasceuEmSp" : "false",
        "id" : 15,
        "livros" : [
                {
                        "titulo" : "You dont know JS",
                        "leu" : "true"
                },
                {
                        "titulo" : "Eloquente Java",
                        "leu" : "false"
                },
                {
                        "titulo" : "Clean Code",
                        "leu" : "true"
                },
                {
                        "titulo" : "Cangaceiro Java",
                        "leu" : "false"
                }
        ]
}
{
        "_id" : ObjectId("5dc0afc2ecb2a56907a15175"),
        "nome" : "Frida",
        "dateOfBirth" : "14/09/1950",
        "nasceuEmSp" : "false",
        "id" : 16,
        "livros" : [
                {
                        "titulo" : "You dont know JS",
                        "leu" : "true"
                },
                {
                        "titulo" : "Eloquente Java",
                        "leu" : "true"
                },
                {
                        "titulo" : "Clean Code",
                        "leu" : "true"
                },
                {
                        "titulo" : "Cangaceiro Java",
                        "leu" : "false"
                }
        ]
}
{
        "_id" : ObjectId("5dc0afc2ecb2a56907a15176"),
        "nome" : "Fatima",
        "dateOfBirth" : "14/09/1960",
        "nasceuEmSp" : "true",
        "id" : 17,
        "livros" : [
                {
                        "titulo" : "You dont know JS",
                        "leu" : "false"
                },
                {
                        "titulo" : "Eloquente Java",
                        "leu" : "true"
                },
                {
                        "titulo" : "Clean Code",
                        "leu" : "false"
                },
                {
                        "titulo" : "Cangaceiro Java",
                        "leu" : "true"
                }
        ]
}
{
        "_id" : ObjectId("5dc0afc2ecb2a56907a15177"),
        "nome" : "Denise",
        "dateOfBirth" : "14/09/1986",
        "nasceuEmSp" : "false",
        "id" : 9,
        "livros" : [
                {
                        "titulo" : "You dont know JS",
                        "leu" : "false"
                },
                {
                        "titulo" : "Eloquente Java",
                        "leu" : "true"
                },
                {
                        "titulo" : "Clean Code",
                        "leu" : "true"
                },
                {
                        "titulo" : "Cangaceiro Java",
                        "leu" : "false"
                }
        ]
}
{
        "_id" : ObjectId("5dc0afc2ecb2a56907a15178"),
        "nome" : "Helena",
        "dateOfBirth" : "14/09/1990",
        "nasceuEmSp" : "true",
        "id" : 10,
        "livros" : [
                {
                        "titulo" : "You dont know JS",
                        "leu" : "true"
                },
                {
                        "titulo" : "Eloquente Java",
                        "leu" : "true"
                },
                {
                        "titulo" : "Clean Code",
                        "leu" : "true"
                },
                {
                        "titulo" : "Cangaceiro Java",
                        "leu" : "true"
                }
        ]
}
{
        "_id" : ObjectId("5dc0afc2ecb2a56907a15179"),
        "nome" : "Sonia",
        "dateOfBirth" : "10/08/1954",
        "nasceuEmSp" : "false",
        "id" : 18,
        "livros" : [
                {
                        "titulo" : "You dont know JS",
                        "leu" : "true"
                },
                {
                        "titulo" : "Eloquente Java",
                        "leu" : "true"
                },
                {
                        "titulo" : "Clean Code",
                        "leu" : "true"
                },
                {
                        "titulo" : "Cangaceiro Java",
                        "leu" : "false"
                }
        ]
}
>
> db.alunas.find({$and:[{"livros.titulo":"Clean Code","livros.leu":"true"}]}).pretty()
{
        "_id" : ObjectId("5dc0afc2ecb2a56907a15168"),
        "nome" : "Maria Eduarda",
        "dateOfBirth" : "11/08/1992",
        "nasceuEmSp" : "true",
        "id" : 4,
        "livros" : [
                {
                        "titulo" : "You dont know JS",
                        "leu" : "false"
                },
                {
                        "titulo" : "Eloquente Java",
                        "leu" : "false"
                },
                {
                        "titulo" : "Clean Code",
                        "leu" : "true"
                },
                {
                        "titulo" : "Cangaceiro Java",
                        "leu" : "true"
                }
        ]
}
{
        "_id" : ObjectId("5dc0afc2ecb2a56907a15169"),
        "nome" : "Natalya",
        "dateOfBirth" : "12/08/1989",
        "nasceuEmSp" : "false",
        "id" : 1,
        "livros" : [
                {
                        "titulo" : "You dont know JS",
                        "leu" : "true"
                },
                {
                        "titulo" : "Eloquente Java",
                        "leu" : "true"
                },
                {
                        "titulo" : "Clean Code",
                        "leu" : "true"
                },
                {
                        "titulo" : "Cangaceiro Java",
                        "leu" : "false"
                }
        ]
}
{
        "_id" : ObjectId("5dc0afc2ecb2a56907a1516a"),
        "nome" : "Maria ",
        "dateOfBirth" : "11/08/1992",
        "nasceuEmSp" : "false",
        "id" : 3,
        "livros" : [
                {
                        "titulo" : "You dont know JS",
                        "leu" : "true"
                },
                {
                        "titulo" : "Eloquente Java",
                        "leu" : "false"
                },
                {
                        "titulo" : "Clean Code",
                        "leu" : "true"
                },
                {
                        "titulo" : "Cangaceiro Java",
                        "leu" : "false"
                }
        ]
}
{
        "_id" : ObjectId("5dc0afc2ecb2a56907a1516b"),
        "nome" : "Natalia",
        "dateOfBirth" : "11/08/1988",
        "nasceuEmSp" : "true",
        "id" : 2,
        "livros" : [
                {
                        "titulo" : "You dont know JS",
                        "leu" : "false"
                },
                {
                        "titulo" : "Eloquente Java",
                        "leu" : "false"
                },
                {
                        "titulo" : "Clean Code",
                        "leu" : "true"
                },
                {
                        "titulo" : "Cangaceiro Java",
                        "leu" : "false"
                },
                {
                        "titulo" : "pequeno principe",
                        "leu" : "true"
                },
                {
                        "titulo" : "pequeno principe",
                        "leu" : "true"
                },
                {
                        "titulo" : "pequeno principe",
                        "leu" : "true"
                }
        ]
}
{
        "_id" : ObjectId("5dc0afc2ecb2a56907a1516c"),
        "nome" : "Bianca",
        "dateOfBirth" : "11/08/1994",
        "nasceuEmSp" : "true",
        "id" : 5,
        "livros" : [
                {
                        "titulo" : "You dont know JS",
                        "leu" : "true"
                },
                {
                        "titulo" : "Eloquente Java",
                        "leu" : "true"
                },
                {
                        "titulo" : "Clean Code",
                        "leu" : "false"
                },
                {
                        "titulo" : "Cangaceiro Java",
                        "leu" : "false"
                }
        ]
}
{
        "_id" : ObjectId("5dc0afc2ecb2a56907a1516d"),
        "nome" : "Marcia",
        "dateOfBirth" : "11/08/1991",
        "nasceuEmSp" : "true",
        "id" : 7,
        "livros" : [
                {
                        "titulo" : "You dont know JS",
                        "leu" : "true"
                },
                {
                        "titulo" : "Eloquente Java",
                        "leu" : "false"
                },
                {
                        "titulo" : "Clean Code",
                        "leu" : "false"
                },
                {
                        "titulo" : "Cangaceiro Java",
                        "leu" : "false"
                }
        ]
}
{
        "_id" : ObjectId("5dc0afc2ecb2a56907a1516e"),
        "nome" : "Barbara",
        "dateOfBirth" : "11/08/1996",
        "nasceuEmSp" : "false",
        "id" : 6,
        "livros" : [
                {
                        "titulo" : "You dont know JS",
                        "leu" : "true"
                },
                {
                        "titulo" : "Eloquente Java",
                        "leu" : "false"
                },
                {
                        "titulo" : "Clean Code",
                        "leu" : "false"
                },
                {
                        "titulo" : "Cangaceiro Java",
                        "leu" : "true"
                }
        ]
}
{
        "_id" : ObjectId("5dc0afc2ecb2a56907a1516f"),
        "nome" : "Livia",
        "dateOfBirth" : "14/09/1991",
        "nasceuEmSp" : "true",
        "id" : 8,
        "livros" : [
                {
                        "titulo" : "You dont know JS",
                        "leu" : "false"
                },
                {
                        "titulo" : "Eloquente Java",
                        "leu" : "true"
                },
                {
                        "titulo" : "Clean Code",
                        "leu" : "false"
                },
                {
                        "titulo" : "Cangaceiro Java",
                        "leu" : "false"
                }
        ]
}
{
        "_id" : ObjectId("5dc0afc2ecb2a56907a15170"),
        "nome" : "Luanda",
        "dateOfBirth" : "14/09/1992",
        "nasceuEmSp" : "false",
        "id" : 12,
        "livros" : [
                {
                        "titulo" : "You dont know JS",
                        "leu" : "false"
                },
                {
                        "titulo" : "Eloquente Java",
                        "leu" : "true"
                },
                {
                        "titulo" : "Clean Code",
                        "leu" : "false"
                },
                {
                        "titulo" : "Cangaceiro Java",
                        "leu" : "false"
                }
        ]
}
{
        "_id" : ObjectId("5dc0afc2ecb2a56907a15171"),
        "nome" : "Larissa",
        "dateOfBirth" : "14/09/1994",
        "nasceuEmSp" : "true",
        "id" : 13,
        "livros" : [
                {
                        "titulo" : "You dont know JS",
                        "leu" : "true"
                },
                {
                        "titulo" : "Eloquente Java",
                        "leu" : "false"
                },
                {
                        "titulo" : "Clean Code",
                        "leu" : "false"
                },
                {
                        "titulo" : "Cangaceiro Java",
                        "leu" : "false"
                }
        ]
}
{
        "_id" : ObjectId("5dc0afc2ecb2a56907a15172"),
        "nome" : "Izadora",
        "dateOfBirth" : "14/09/1992",
        "nasceuEmSp" : "true",
        "id" : 11,
        "livros" : [
                {
                        "titulo" : "You dont know JS",
                        "leu" : "false"
                },
                {
                        "titulo" : "Eloquente Java",
                        "leu" : "false"
                },
                {
                        "titulo" : "Clean Code",
                        "leu" : "true"
                },
                {
                        "titulo" : "Cangaceiro Java",
                        "leu" : "false"
                }
        ]
}
{
        "_id" : ObjectId("5dc0afc2ecb2a56907a15174"),
        "nome" : "Arya Stark ",
        "dateOfBirth" : "14/09/2000",
        "nasceuEmSp" : "false",
        "id" : 15,
        "livros" : [
                {
                        "titulo" : "You dont know JS",
                        "leu" : "true"
                },
                {
                        "titulo" : "Eloquente Java",
                        "leu" : "false"
                },
                {
                        "titulo" : "Clean Code",
                        "leu" : "true"
                },
                {
                        "titulo" : "Cangaceiro Java",
                        "leu" : "false"
                }
        ]
}
{
        "_id" : ObjectId("5dc0afc2ecb2a56907a15175"),
        "nome" : "Frida",
        "dateOfBirth" : "14/09/1950",
        "nasceuEmSp" : "false",
        "id" : 16,
        "livros" : [
                {
                        "titulo" : "You dont know JS",
                        "leu" : "true"
                },
                {
                        "titulo" : "Eloquente Java",
                        "leu" : "true"
                },
                {
                        "titulo" : "Clean Code",
                        "leu" : "true"
                },
                {
                        "titulo" : "Cangaceiro Java",
                        "leu" : "false"
                }
        ]
}
{
        "_id" : ObjectId("5dc0afc2ecb2a56907a15176"),
        "nome" : "Fatima",
        "dateOfBirth" : "14/09/1960",
        "nasceuEmSp" : "true",
        "id" : 17,
        "livros" : [
                {
                        "titulo" : "You dont know JS",
                        "leu" : "false"
                },
                {
                        "titulo" : "Eloquente Java",
                        "leu" : "true"
                },
                {
                        "titulo" : "Clean Code",
                        "leu" : "false"
                },
                {
                        "titulo" : "Cangaceiro Java",
                        "leu" : "true"
                }
        ]
}
{
        "_id" : ObjectId("5dc0afc2ecb2a56907a15177"),
        "nome" : "Denise",
        "dateOfBirth" : "14/09/1986",
        "nasceuEmSp" : "false",
        "id" : 9,
        "livros" : [
                {
                        "titulo" : "You dont know JS",
                        "leu" : "false"
                },
                {
                        "titulo" : "Eloquente Java",
                        "leu" : "true"
                },
                {
                        "titulo" : "Clean Code",
                        "leu" : "true"
                },
                {
                        "titulo" : "Cangaceiro Java",
                        "leu" : "false"
                }
        ]
}
{
        "_id" : ObjectId("5dc0afc2ecb2a56907a15178"),
        "nome" : "Helena",
        "dateOfBirth" : "14/09/1990",
        "nasceuEmSp" : "true",
        "id" : 10,
        "livros" : [
                {
                        "titulo" : "You dont know JS",
                        "leu" : "true"
                },
                {
                        "titulo" : "Eloquente Java",
                        "leu" : "true"
                },
                {
                        "titulo" : "Clean Code",
                        "leu" : "true"
                },
                {
                        "titulo" : "Cangaceiro Java",
                        "leu" : "true"
                }
        ]
}
{
        "_id" : ObjectId("5dc0afc2ecb2a56907a15179"),
        "nome" : "Sonia",
        "dateOfBirth" : "10/08/1954",
        "nasceuEmSp" : "false",
        "id" : 18,
        "livros" : [
                {
                        "titulo" : "You dont know JS",
                        "leu" : "true"
                },
                {
                        "titulo" : "Eloquente Java",
                        "leu" : "true"
                },
                {
                        "titulo" : "Clean Code",
                        "leu" : "true"
                },
                {
                        "titulo" : "Cangaceiro Java",
                        "leu" : "false"
                }
        ]
}
> db.alunas.find({$and:[{"livros.titulo":"Clean Code","nome":"Sonia"}]}).pretty()
{
        "_id" : ObjectId("5dc0afc2ecb2a56907a15179"),
        "nome" : "Sonia",
        "dateOfBirth" : "10/08/1954",
        "nasceuEmSp" : "false",
        "id" : 18,
        "livros" : [
                {
                        "titulo" : "You dont know JS",
                        "leu" : "true"
                },
                {
                        "titulo" : "Eloquente Java",
                        "leu" : "true"
                },
                {
                        "titulo" : "Clean Code",
                        "leu" : "true"
                },
                {
                        "titulo" : "Cangaceiro Java",
                        "leu" : "false"
                }
        ]
}
> db.alunas.find({$or:[{"nome":"Sonia", "nasceuEmSp":"false"}]}).pretty()
{
        "_id" : ObjectId("5dc0afc2ecb2a56907a15179"),
        "nome" : "Sonia",
        "dateOfBirth" : "10/08/1954",
        "nasceuEmSp" : "false",
        "id" : 18,
        "livros" : [
                {
                        "titulo" : "You dont know JS",
                        "leu" : "true"
                },
                {
                        "titulo" : "Eloquente Java",
                        "leu" : "true"
                },
                {
                        "titulo" : "Clean Code",
                        "leu" : "true"
                },
                {
                        "titulo" : "Cangaceiro Java",
                        "leu" : "false"
                }
        ]
}
> db.alunas.find({$or:[{"nome":"Sonia", "nasceuEmSp":"true"}]}).pretty()
>
> db.alunas.find({$or:[{"nome":"Bianca","nasceuEmSp":"true"}]}).pretty()
{
        "_id" : ObjectId("5dc0afc2ecb2a56907a1516c"),
        "nome" : "Bianca",
        "dateOfBirth" : "11/08/1994",
        "nasceuEmSp" : "true",
        "id" : 5,
        "livros" : [
                {
                        "titulo" : "You dont know JS",
                        "leu" : "true"
                },
                {
                        "titulo" : "Eloquente Java",
                        "leu" : "true"
                },
                {
                        "titulo" : "Clean Code",
                        "leu" : "false"
                },
                {
                        "titulo" : "Cangaceiro Java",
                        "leu" : "false"
                }
        ]
}
> db.alunas.find({$or:[{"nome":"Bianca","nasceuEmSp":"false"}]}).pretty()
>
>
> db.alunas.find({$or:[{"nome":"Sonia", "nasceuEmSp":"true"}]}).pretty()
> db.alunas.find({$or:[{"nome":"Sonia"},{"nasceuEmSp":"true"}]}).pretty()
{
        "_id" : ObjectId("5dc0afc2ecb2a56907a15168"),
        "nome" : "Maria Eduarda",
        "dateOfBirth" : "11/08/1992",
        "nasceuEmSp" : "true",
        "id" : 4,
        "livros" : [
                {
                        "titulo" : "You dont know JS",
                        "leu" : "false"
                },
                {
                        "titulo" : "Eloquente Java",
                        "leu" : "false"
                },
                {
                        "titulo" : "Clean Code",
                        "leu" : "true"
                },
                {
                        "titulo" : "Cangaceiro Java",
                        "leu" : "true"
                }
        ]
}
{
        "_id" : ObjectId("5dc0afc2ecb2a56907a1516b"),
        "nome" : "Natalia",
        "dateOfBirth" : "11/08/1988",
        "nasceuEmSp" : "true",
        "id" : 2,
        "livros" : [
                {
                        "titulo" : "You dont know JS",
                        "leu" : "false"
                },
                {
                        "titulo" : "Eloquente Java",
                        "leu" : "false"
                },
                {
                        "titulo" : "Clean Code",
                        "leu" : "true"
                },
                {
                        "titulo" : "Cangaceiro Java",
                        "leu" : "false"
                },
                {
                        "titulo" : "pequeno principe",
                        "leu" : "true"
                },
                {
                        "titulo" : "pequeno principe",
                        "leu" : "true"
                },
                {
                        "titulo" : "pequeno principe",
                        "leu" : "true"
                }
        ]
}
{
        "_id" : ObjectId("5dc0afc2ecb2a56907a1516c"),
        "nome" : "Bianca",
        "dateOfBirth" : "11/08/1994",
        "nasceuEmSp" : "true",
        "id" : 5,
        "livros" : [
                {
                        "titulo" : "You dont know JS",
                        "leu" : "true"
                },
                {
                        "titulo" : "Eloquente Java",
                        "leu" : "true"
                },
                {
                        "titulo" : "Clean Code",
                        "leu" : "false"
                },
                {
                        "titulo" : "Cangaceiro Java",
                        "leu" : "false"
                }
        ]
}
{
        "_id" : ObjectId("5dc0afc2ecb2a56907a1516d"),
        "nome" : "Marcia",
        "dateOfBirth" : "11/08/1991",
        "nasceuEmSp" : "true",
        "id" : 7,
        "livros" : [
                {
                        "titulo" : "You dont know JS",
                        "leu" : "true"
                },
                {
                        "titulo" : "Eloquente Java",
                        "leu" : "false"
                },
                {
                        "titulo" : "Clean Code",
                        "leu" : "false"
                },
                {
                        "titulo" : "Cangaceiro Java",
                        "leu" : "false"
                }
        ]
}
{
        "_id" : ObjectId("5dc0afc2ecb2a56907a1516f"),
        "nome" : "Livia",
        "dateOfBirth" : "14/09/1991",
        "nasceuEmSp" : "true",
        "id" : 8,
        "livros" : [
                {
                        "titulo" : "You dont know JS",
                        "leu" : "false"
                },
                {
                        "titulo" : "Eloquente Java",
                        "leu" : "true"
                },
                {
                        "titulo" : "Clean Code",
                        "leu" : "false"
                },
                {
                        "titulo" : "Cangaceiro Java",
                        "leu" : "false"
                }
        ]
}
{
        "_id" : ObjectId("5dc0afc2ecb2a56907a15171"),
        "nome" : "Larissa",
        "dateOfBirth" : "14/09/1994",
        "nasceuEmSp" : "true",
        "id" : 13,
        "livros" : [
                {
                        "titulo" : "You dont know JS",
                        "leu" : "true"
                },
                {
                        "titulo" : "Eloquente Java",
                        "leu" : "false"
                },
                {
                        "titulo" : "Clean Code",
                        "leu" : "false"
                },
                {
                        "titulo" : "Cangaceiro Java",
                        "leu" : "false"
                }
        ]
}
{
        "_id" : ObjectId("5dc0afc2ecb2a56907a15172"),
        "nome" : "Izadora",
        "dateOfBirth" : "14/09/1992",
        "nasceuEmSp" : "true",
        "id" : 11,
        "livros" : [
                {
                        "titulo" : "You dont know JS",
                        "leu" : "false"
                },
                {
                        "titulo" : "Eloquente Java",
                        "leu" : "false"
                },
                {
                        "titulo" : "Clean Code",
                        "leu" : "true"
                },
                {
                        "titulo" : "Cangaceiro Java",
                        "leu" : "false"
                }
        ]
}
{
        "_id" : ObjectId("5dc0afc2ecb2a56907a15173"),
        "nome" : "Maria do Bairro",
        "dateOfBirth" : "14/09/1990",
        "nasceuEmSp" : "true",
        "id" : 14,
        "livros" : [
                {
                        "titulo" : "You dont know JS",
                        "leu" : "false"
                },
                {
                        "titulo" : "Eloquente Java",
                        "leu" : "false"
                },
                {
                        "titulo" : "Clean Code",
                        "leu" : "false"
                },
                {
                        "titulo" : "Cangaceiro Java",
                        "leu" : "false"
                }
        ]
}
{
        "_id" : ObjectId("5dc0afc2ecb2a56907a15176"),
        "nome" : "Fatima",
        "dateOfBirth" : "14/09/1960",
        "nasceuEmSp" : "true",
        "id" : 17,
        "livros" : [
                {
                        "titulo" : "You dont know JS",
                        "leu" : "false"
                },
                {
                        "titulo" : "Eloquente Java",
                        "leu" : "true"
                },
                {
                        "titulo" : "Clean Code",
                        "leu" : "false"
                },
                {
                        "titulo" : "Cangaceiro Java",
                        "leu" : "true"
                }
        ]
}
{
        "_id" : ObjectId("5dc0afc2ecb2a56907a15178"),
        "nome" : "Helena",
        "dateOfBirth" : "14/09/1990",
        "nasceuEmSp" : "true",
        "id" : 10,
        "livros" : [
                {
                        "titulo" : "You dont know JS",
                        "leu" : "true"
                },
                {
                        "titulo" : "Eloquente Java",
                        "leu" : "true"
                },
                {
                        "titulo" : "Clean Code",
                        "leu" : "true"
                },
                {
                        "titulo" : "Cangaceiro Java",
                        "leu" : "true"
                }
        ]
}
{
        "_id" : ObjectId("5dc0afc2ecb2a56907a15179"),
        "nome" : "Sonia",
        "dateOfBirth" : "10/08/1954",
        "nasceuEmSp" : "false",
        "id" : 18,
        "livros" : [
                {
                        "titulo" : "You dont know JS",
                        "leu" : "true"
                },
                {
                        "titulo" : "Eloquente Java",
                        "leu" : "true"
                },
                {
                        "titulo" : "Clean Code",
                        "leu" : "true"
                },
                {
                        "titulo" : "Cangaceiro Java",
                        "leu" : "false"
                }
        ]
}
>